// Jest Snapshot v1, https://goo.gl/fbAQLP

exports[`NonfungiblePositionManager #burn gas 1`] = `41286`;

exports[`NonfungiblePositionManager #collect gas transfers both 1`] = `98570`;

exports[`NonfungiblePositionManager #collect gas transfers token0 only 1`] = `111897`;

exports[`NonfungiblePositionManager #collect gas transfers token1 only 1`] = `112104`;

exports[`NonfungiblePositionManager #createAndInitializePoolIfNecessary gas 1`] = `4612066`;

exports[`NonfungiblePositionManager #decreaseLiquidity gas complete decrease 1`] = `92916`;

exports[`NonfungiblePositionManager #decreaseLiquidity gas partial decrease 1`] = `161366`;

exports[`NonfungiblePositionManager #increaseLiquidity gas 1`] = `176605`;

exports[`NonfungiblePositionManager #mint gas first mint for pool 1`] = `619451`;

exports[`NonfungiblePositionManager #mint gas first mint for pool using rbtc with non-zero refund 1`] = `629770`;

exports[`NonfungiblePositionManager #mint gas first mint for pool using rbtc with zero refund 1`] = `622545`;

exports[`NonfungiblePositionManager #mint gas mint for same pool, different ticks 1`] = `451907`;

exports[`NonfungiblePositionManager #mint gas mint on same ticks 1`] = `344777`;

exports[`NonfungiblePositionManager #permit owned by eoa gas 1`] = `64506`;

exports[`NonfungiblePositionManager #permit owned by verifying contract gas 1`] = `68303`;

exports[`NonfungiblePositionManager #transferFrom gas 1`] = `79134`;

exports[`NonfungiblePositionManager #transferFrom gas comes from approved 1`] = `67534`;

exports[`NonfungiblePositionManager bytecode size 1`] = `24450`;

exports[`NonfungiblePositionManager multicall exit gas 1`] = `142938`;
